Microchip MPLAB XC8 Compiler V2.10 ()

Linker command line:

-W-3 --edf=F:\Programme\Microchip\xc8\v2.10\pic\dat\en_msgs.txt -cs \
  -h+dist/default/production\BlockBox.X.production.sym \
  --cmf=dist/default/production\BlockBox.X.production.cmf -z -Q18LF47K42 \
  -oC:\Users\Alex\AppData\Local\Temp\seu8.2 --defsym=__MPLAB_BUILD=1 \
  -Mdist/default/production/BlockBox.X.production.map -E1 -ver=XC8 \
  --acfsm=1493 -ASTACK=04C1h-01FFFh -pstack=STACK -ACODE=00h-01FFFFh \
  -ACONST=00h-01FFFFh -ASMALLCONST=02000h-020FFhx480 \
  -AMEDIUMCONST=02000h-0FFFFh,012000h-01FFFFh -ACOMRAM=01h-05Fh \
  -AABS1=00h-01FFFh -ABIGRAM=01h-01FFFh -ARAM=060h-0FFh,0100h-01FFhx31 \
  -ABANK0=060h-0FFh -ABANK1=0100h-01FFh -ABANK2=0200h-02FFh \
  -ABANK3=0300h-03FFh -ABANK4=0400h-04FFh -ABANK5=0500h-05FFh \
  -ABANK6=0600h-06FFh -ABANK7=0700h-07FFh -ABANK8=0800h-08FFh \
  -ABANK9=0900h-09FFh -ABANK10=0A00h-0AFFh -ABANK11=0B00h-0BFFh \
  -ABANK12=0C00h-0CFFh -ABANK13=0D00h-0DFFh -ABANK14=0E00h-0EFFh \
  -ABANK15=0F00h-0FFFh -ABANK16=01000h-010FFh -ABANK17=01100h-011FFh \
  -ABANK18=01200h-012FFh -ABANK19=01300h-013FFh -ABANK20=01400h-014FFh \
  -ABANK21=01500h-015FFh -ABANK22=01600h-016FFh -ABANK23=01700h-017FFh \
  -ABANK24=01800h-018FFh -ABANK25=01900h-019FFh -ABANK26=01A00h-01AFFh \
  -ABANK27=01B00h-01BFFh -ABANK28=01C00h-01CFFh -ABANK29=01D00h-01DFFh \
  -ABANK30=01E00h-01EFFh -ABANK31=01F00h-01FFFh \
  -ASFR=03800h-038FFhx7,03F00h-03F5Fh,03F60h-03FFFh -preset_vec=00h \
  -ppowerup=CODE,init -pramtop=02000h -psmallconst=SMALLCONST \
  -pmediumconst=MEDIUMCONST -pconst=CONST -AFARRAM=00h-00h \
  -ACONFIG=0300000h-0300009h -pconfig=CONFIG -AIDLOC=0200000h-020000Fh \
  -pidloc=IDLOC -AEEDATA=0310000h-03103FFh -peeprom_data=EEDATA \
  -prdata=COMRAM,nvrram=COMRAM,nvbit=COMRAM,rbss=COMRAM,rbit=COMRAM \
  -pfarbss=FARRAM,fardata=FARRAM,nvFARRAM=FARRAM \
  -pintsave_regs=BIGRAM,bigbss=BIGRAM,bigdata=BIGRAM -pbss=RAM \
  -pidata=CODE,irdata=CODE,ibigdata=CODE,ifardata=CODE -prparam=COMRAM \
  C:\Users\Alex\AppData\Local\Temp\seu8.o \
  dist/default/production\BlockBox.X.production.o 

Object code version is 3.11

Machine type is 18LF47K42

Call graph: (short form)




                Name                               Link     Load   Length Selector   Space Scale
C:\Users\Alex\AppData\Local\Temp\seu8.o
                init                              1FFFC    1FFFC        4     FFFE       0
                reset_vec                             0        0        4        0       0
                idloc                            200000   200000       10   200000       0
                config                           300000   300000        A   300000       0
dist/default/production\BlockBox.X.production.o
                mediumconst                        FEE0     FEE0      120     7F70       0
                text48                            14232    14232       52     8000       0
                text47                            13DB6    13DB6       7C     8000       0
                text46                            13CA4    13CA4       8A     8000       0
                text45                            13F8E    13F8E       6E     8000       0
                text44                            1319A    1319A      164     8000       0
                text43                            13B8C    13B8C       8E     8000       0
                text42                            14448    14448       16     8000       0
                text41                            135DC    135DC       D4     8000       0
                text40                            138FE    138FE       B4     8000       0
                text39                            136B0    136B0       D0     8000       0
                text38                            14124    14124       5E     8000       0
                text37                            116C0    116C0      666     8000       0
                text36                            1441A    1441A       2E     8000       0
                text35                            143B4    143B4       34     8000       0
                text34                            142CE    142CE       44     8000       0
                text33                            12D48    12D48      17A     8000       0
                text32                            13D2E    13D2E       88     8000       0
                text31                            13EA8    13EA8       74     8000       0
                text30                            128B2    128B2      2AC     8000       0
                text29                            13C1A    13C1A       8A     8000       0
                text28                            121E6    121E6      384     8000       0
                text27                            1434A    1434A       36     8000       0
                text26                            1256A    1256A      348     8000       0
                text25                            140C6    140C6       5E     8000       0
                text24                            13780    13780       CA     8000       0
                text23                            13408    13408       EC     8000       0
                text22                            12B5E    12B5E      1EA     8000       0
                text21                            14480    14480        2     8000       0
                text20                            13AF2    13AF2       9A     8000       0
                text19                            14312    14312       38     8000       0
                text18                            143E8    143E8       32     8000       0
                text17                            139B2    139B2       A4     8000       0
                text16                            13FFC    13FFC       68     8000       0
                text15                            14380    14380       34     8000       0
                text14                            141DE    141DE       54     8000       0
                text13                            10B78    10B78      B48     8000       0
                text12                            1384A    1384A       B4     8000       0
                text11                            11D26    11D26      4C0     8000       0
                text10                            14182    14182       5C     8000       0
                text9                             14284    14284       4A     8000       0
                text8                             13F1C    13F1C       72     8000       0
                text7                             1445E    1445E       14     8000       0
                text6                             13E32    13E32       76     8000       0
                text5                             132FE    132FE      10A     8000       0
                text4                             13036    13036      164     8000       0
                text3                             134F4    134F4       E8     8000       0
                text2                             10000    10000      B78     8000       0
                text1                             13A56    13A56       9C     8000       0
                text0                             12EC2    12EC2      174     8000       0
                cstackCOMRAM                          1        1       5F        1       1
                cstackBANK0                          60       60       74       60       1
                cstackBANK3                         300      300      100      300       1
                cstackBANK4                         48A      48A       33      400       1
                dataBANK4                           4BD      4BD        4      400       1
                bssBANK4                            400      400       8A      400       1
                dataBANK0                            E6       E6        A       60       1
                bssBANK0                             D4       D4       12       60       1
                cinit                             14064    14064       62     8000       0
                idataBANK4                        1447C    1447C        4     8000       0
                idataBANK0                        14472    14472        A     8000       0

TOTAL           Name                               Link     Load   Length     Space
        CLASS   STACK          

        CLASS   CODE           
                init                              1FFFC    1FFFC        4         0
                reset_vec                             0        0        4         0
                text48                            14232    14232       52         0
                text47                            13DB6    13DB6       7C         0
                text46                            13CA4    13CA4       8A         0
                text45                            13F8E    13F8E       6E         0
                text44                            1319A    1319A      164         0
                text43                            13B8C    13B8C       8E         0
                text42                            14448    14448       16         0
                text41                            135DC    135DC       D4         0
                text40                            138FE    138FE       B4         0
                text39                            136B0    136B0       D0         0
                text38                            14124    14124       5E         0
                text37                            116C0    116C0      666         0
                text36                            1441A    1441A       2E         0
                text35                            143B4    143B4       34         0
                text34                            142CE    142CE       44         0
                text33                            12D48    12D48      17A         0
                text32                            13D2E    13D2E       88         0
                text31                            13EA8    13EA8       74         0
                text30                            128B2    128B2      2AC         0
                text29                            13C1A    13C1A       8A         0
                text28                            121E6    121E6      384         0
                text27                            1434A    1434A       36         0
                text26                            1256A    1256A      348         0
                text25                            140C6    140C6       5E         0
                text24                            13780    13780       CA         0
                text23                            13408    13408       EC         0
                text22                            12B5E    12B5E      1EA         0
                text21                            14480    14480        2         0
                text20                            13AF2    13AF2       9A         0
                text19                            14312    14312       38         0
                text18                            143E8    143E8       32         0
                text17                            139B2    139B2       A4         0
                text16                            13FFC    13FFC       68         0
                text15                            14380    14380       34         0
                text14                            141DE    141DE       54         0
                text13                            10B78    10B78      B48         0
                text12                            1384A    1384A       B4         0
                text11                            11D26    11D26      4C0         0
                text10                            14182    14182       5C         0
                text9                             14284    14284       4A         0
                text8                             13F1C    13F1C       72         0
                text7                             1445E    1445E       14         0
                text6                             13E32    13E32       76         0
                text5                             132FE    132FE      10A         0
                text4                             13036    13036      164         0
                text3                             134F4    134F4       E8         0
                text2                             10000    10000      B78         0
                text1                             13A56    13A56       9C         0
                text0                             12EC2    12EC2      174         0
                cinit                             14064    14064       62         0
                idataBANK4                        1447C    1447C        4         0
                idataBANK0                        14472    14472        A         0

        CLASS   CONST          

        CLASS   SMALLCONST     

        CLASS   MEDIUMCONST    
                mediumconst                        FEE0     FEE0      120         0

        CLASS   COMRAM         
                cstackCOMRAM                          1        1       5F         1

        CLASS   ABS1           
                abs_s1                              100      100      200         1

        CLASS   BIGRAM         

        CLASS   RAM            

        CLASS   BANK0          
                cstackBANK0                          60       60       74         1
                dataBANK0                            E6       E6        A         1
                bssBANK0                             D4       D4       12         1

        CLASS   BANK1          

        CLASS   BANK2          

        CLASS   BANK3          
                cstackBANK3                         300      300      100         1

        CLASS   BANK4          
                cstackBANK4                         48A      48A       33         1
                dataBANK4                           4BD      4BD        4         1
                bssBANK4                            400      400       8A         1

        CLASS   BANK5          

        CLASS   BANK6          

        CLASS   BANK7          

        CLASS   BANK8          

        CLASS   BANK9          

        CLASS   BANK10         

        CLASS   BANK11         

        CLASS   BANK12         

        CLASS   BANK13         

        CLASS   BANK14         

        CLASS   BANK15         

        CLASS   BANK16         

        CLASS   BANK17         

        CLASS   BANK18         

        CLASS   BANK19         

        CLASS   BANK20         

        CLASS   BANK21         

        CLASS   BANK22         

        CLASS   BANK23         

        CLASS   BANK24         

        CLASS   BANK25         

        CLASS   BANK26         

        CLASS   BANK27         

        CLASS   BANK28         

        CLASS   BANK29         

        CLASS   BANK30         

        CLASS   BANK31         

        CLASS   SFR            

        CLASS   FARRAM         

        CLASS   CONFIG         
                config                           300000   300000        A         0

        CLASS   IDLOC          
                idloc                            200000   200000       10         0

        CLASS   EEDATA         



SEGMENTS        Name                           Load    Length   Top    Selector   Space  Class

                reset_vec                      000000  000004  000004         0       0  CODE    
                cstackCOMRAM                   000001  00005F  000060         1       1  COMRAM  
                cstackBANK0                    000060  000090  0000F0        60       1  BANK0   
                cstackBANK3                    000300  000100  000400       300       1  BANK3   
                bssBANK4                       000400  0000C1  0004C1       400       1  BANK4   
                mediumconst                    00FEE0  000120  010000      7F70       0  MEDIUMCO
                text2                          010000  004482  014482      8000       0  CODE    
                init                           01FFFC  000004  020000      FFFE       0  CODE    
                idloc                          200000  000010  200010    200000       0  IDLOC   
                config                         300000  00000A  30000A    300000       0  CONFIG  


UNUSED ADDRESS RANGES

        Name                Unused          Largest block    Delta
        BANK0            0000F0-0000FF               10
        BANK10           000A00-000AFF              100
        BANK11           000B00-000BFF              100
        BANK12           000C00-000CFF              100
        BANK13           000D00-000DFF              100
        BANK14           000E00-000EFF              100
        BANK15           000F00-000FFF              100
        BANK16           001000-0010FF              100
        BANK17           001100-0011FF              100
        BANK18           001200-0012FF              100
        BANK19           001300-0013FF              100
        BANK20           001400-0014FF              100
        BANK21           001500-0015FF              100
        BANK22           001600-0016FF              100
        BANK23           001700-0017FF              100
        BANK24           001800-0018FF              100
        BANK25           001900-0019FF              100
        BANK26           001A00-001AFF              100
        BANK27           001B00-001BFF              100
        BANK28           001C00-001CFF              100
        BANK29           001D00-001DFF              100
        BANK30           001E00-001EFF              100
        BANK31           001F00-001FFF              100
        BANK4            0004C1-0004FF               3F
        BANK5            000500-0005FF              100
        BANK6            000600-0006FF              100
        BANK7            000700-0007FF              100
        BANK8            000800-0008FF              100
        BANK9            000900-0009FF              100
        BIGRAM           0000F0-0000FF               10
                         0004C1-001FFF             1B3F
        CODE             000004-00FEDF             FEDC
                         014482-01FFFB             BB7A
        CONST            000004-00FEDF             FEDC
                         014482-01FFFB             BB7A
        EEDATA           310000-3103FF              400
        MEDIUMCONST      002000-00FEDF             DEE0
                         014482-01FFFB             BB7A
        RAM              0000F0-0000FF               10
                         0004C1-001FFF              100
        SFR              003800-003FFF              100
        SMALLCONST       002000-00FEDF              100
                         014482-01FFFB              100
        STACK            0004C1-001FFF             1B3F

                                  Symbol Table

?___aldiv                   cstackCOMRAM 00000D
?___almod                   cstackCOMRAM 000001
?___awdiv                   cstackCOMRAM 000001
?___awmod                   cstackCOMRAM 000001
?___fladd                   cstackCOMRAM 00000F
?___fldiv                   cstackCOMRAM 00001F
?___flmul                   cstackCOMRAM 000038
?___flneg                   cstackCOMRAM 000001
?___flsub                   cstackCOMRAM 000051
?___fltol                   cstackCOMRAM 000001
?___fpclassifyf             cstackCOMRAM 000001
?___lldiv                   cstackCOMRAM 000001
?___llmod                   cstackCOMRAM 00000E
?___lmul                    cstackCOMRAM 000001
?___wmul                    cstackCOMRAM 000001
?___xxtofl                  cstackCOMRAM 000001
?_atoi                      cstackCOMRAM 000008
?_efgtoa                    cstackBANK0  000060
?_floorf                    cstackCOMRAM 000038
?_isdigit                   cstackCOMRAM 000001
?_isspace                   cstackCOMRAM 000001
?_isupper                   cstackCOMRAM 000001
?_pad                       cstackCOMRAM 00000F
?_sprintf                   cstackBANK0  0000BB
?_strlen                    cstackCOMRAM 000001
?_strncmp                   cstackCOMRAM 000001
?_tolower                   cstackCOMRAM 000007
?_vfpfcnvrt                 cstackCOMRAM 00005D
?_vfprintf                  cstackBANK0  0000B5
_ADCLK                      (abs)        003EFF
_ADCON0                     (abs)        003EF8
_ADCON0bits                 (abs)        003EF8
_ADCON1                     (abs)        003EF9
_ADCON2                     (abs)        003EFA
_ADCON3                     (abs)        003EFB
_ADPCH                      (abs)        003EF1
_ADREF                      (abs)        003EFD
_ADRESH                     (abs)        003EF0
_ADRESL                     (abs)        003EEF
_ANSELA                     (abs)        003A40
_ANSELB                     (abs)        003A50
_ANSELC                     (abs)        003A60
_ANSELD                     (abs)        003A70
_ANSELE                     (abs)        003A80
_CCP2CON                    (abs)        003F7A
_CCP3CON                    (abs)        003F76
_CCP4CON                    (abs)        003F72
_CCPR2H                     (abs)        003F79
_CCPR2L                     (abs)        003F78
_CCPR3H                     (abs)        003F75
_CCPR3L                     (abs)        003F74
_CCPR4H                     (abs)        003F71
_CCPR4L                     (abs)        003F70
_CCPTMRS0                   (abs)        003F5E
_DMA1AIRQ                   (abs)        003BFE
_DMA1CON0                   (abs)        003BFC
_DMA1CON1                   (abs)        003BFD
_DMA1DPTRL                  (abs)        003BEC
_DMA1DSAH                   (abs)        003BF1
_DMA1DSAL                   (abs)        003BF0
_DMA1DSZH                   (abs)        003BEF
_DMA1DSZL                   (abs)        003BEE
_DMA1SIRQ                   (abs)        003BFF
_DMA1SSAH                   (abs)        003BFA
_DMA1SSAL                   (abs)        003BF9
_DMA1SSAU                   (abs)        003BFB
_DMA1SSZH                   (abs)        003BF8
_DMA1SSZL                   (abs)        003BF7
_DMA2AIRQ                   (abs)        003BDE
_DMA2CON0                   (abs)        003BDC
_DMA2CON0bits               (abs)        003BDC
_DMA2CON1                   (abs)        003BDD
_DMA2DSAH                   (abs)        003BD1
_DMA2DSAL                   (abs)        003BD0
_DMA2DSZH                   (abs)        003BCF
_DMA2DSZL                   (abs)        003BCE
_DMA2SCNTIF                 (abs)        01CD2A
_DMA2SIRQ                   (abs)        003BDF
_DMA2SSAH                   (abs)        003BDA
_DMA2SSAL                   (abs)        003BD9
_DMA2SSAU                   (abs)        003BDB
_DMA2SSZH                   (abs)        003BD8
_DMA2SSZL                   (abs)        003BD7
_INLVLA                     (abs)        003A44
_INLVLB                     (abs)        003A54
_INLVLC                     (abs)        003A64
_INLVLD                     (abs)        003A74
_INLVLE                     (abs)        003A84
_LATB4                      (abs)        01FDDC
_LATC4                      (abs)        01FDE4
_LATE0                      (abs)        01FDF0
_LATE1                      (abs)        01FDF1
_LATE2                      (abs)        01FDF2
_ODCONA                     (abs)        003A42
_ODCONB                     (abs)        003A52
_ODCONC                     (abs)        003A62
_ODCOND                     (abs)        003A72
_ODCONE                     (abs)        003A82
_PMD0                       (abs)        0039C0
_PMD1                       (abs)        0039C1
_PMD2                       (abs)        0039C2
_PMD3                       (abs)        0039C3
_PMD4                       (abs)        0039C4
_PMD5                       (abs)        0039C5
_PMD6                       (abs)        0039C6
_PMD7                       (abs)        0039C7
_PORTA                      (abs)        003FCA
_PORTB                      (abs)        003FCB
_PORTC                      (abs)        003FCC
_PORTCbits                  (abs)        003FCC
_PORTD                      (abs)        003FCD
_PORTDbits                  (abs)        003FCD
_PORTE                      (abs)        003FCE
_PRLOCK                     (abs)        0039EF
_PRLOCKbits                 (abs)        0039EF
_PWM6CON                    (abs)        003F6A
_PWM6DCH                    (abs)        003F69
_PWM6DCL                    (abs)        003F68
_PWM8CON                    (abs)        003F62
_PWM8DCH                    (abs)        003F61
_PWM8DCL                    (abs)        003F60
_RB0PPS                     (abs)        003A08
_RC7PPS                     (abs)        003A17
_RD4PPS                     (abs)        003A1C
_RD5PPS                     (abs)        003A1D
_RD6PPS                     (abs)        003A1E
_RD7PPS                     (abs)        003A1F
_SLRCONA                    (abs)        003A43
_SLRCONB                    (abs)        003A53
_SLRCONC                    (abs)        003A63
_SLRCOND                    (abs)        003A73
_SLRCONE                    (abs)        003A83
_T2CLK                      (abs)        003FAE
_T2CON                      (abs)        003FAC
_T2PR                       (abs)        003FAB
_TRISA                      (abs)        003FC2
_TRISB                      (abs)        003FC3
_TRISC                      (abs)        003FC4
_TRISD                      (abs)        003FC5
_TRISE                      (abs)        003FC6
_U1BRGH                     (abs)        003DF6
_U1BRGL                     (abs)        003DF5
_U1CON0                     (abs)        003DF2
_U1CON1                     (abs)        003DF3
_U1CON2                     (abs)        003DF4
_U1RXPPS                    (abs)        003AE5
_U1TXB                      (abs)        003DEA
_U1TXCHK                    (abs)        003DEB
_U1TXIF                     (abs)        01CD1C
_WPUA                       (abs)        003A41
_WPUB                       (abs)        003A51
_WPUC                       (abs)        003A61
_WPUD                       (abs)        003A71
_WPUE                       (abs)        003A81
__CFG_BBEN$OFF              (abs)        000000
__CFG_BBSIZE$BBSIZE_512     (abs)        000000
__CFG_BOREN$SBORDIS         (abs)        000000
__CFG_BORV$VBOR_190         (abs)        000000
__CFG_CLKOUTEN$OFF          (abs)        000000
__CFG_CP$OFF                (abs)        000000
__CFG_CSWEN$ON              (abs)        000000
__CFG_DEBUG$OFF             (abs)        000000
__CFG_FCMEN$ON              (abs)        000000
__CFG_FEXTOSC$OFF           (abs)        000000
__CFG_IVT1WAY$OFF           (abs)        000000
__CFG_LPBOREN$OFF           (abs)        000000
__CFG_LVP$ON                (abs)        000000
__CFG_MCLRE$EXTMCLR         (abs)        000000
__CFG_MVECEN$ON             (abs)        000000
__CFG_PPS1WAY$OFF           (abs)        000000
__CFG_PR1WAY$OFF            (abs)        000000
__CFG_PWRTS$PWRT_OFF        (abs)        000000
__CFG_RSTOSC$HFINTOSC_64MHZ (abs)        000000
__CFG_SAFEN$OFF             (abs)        000000
__CFG_STVREN$ON             (abs)        000000
__CFG_WDTCCS$SC             (abs)        000000
__CFG_WDTCPS$WDTCPS_31      (abs)        000000
__CFG_WDTCWS$WDTCWS_7       (abs)        000000
__CFG_WDTE$OFF              (abs)        000000
__CFG_WRTAPP$OFF            (abs)        000000
__CFG_WRTB$OFF              (abs)        000000
__CFG_WRTC$OFF              (abs)        000000
__CFG_WRTD$OFF              (abs)        000000
__CFG_WRTSAF$OFF            (abs)        000000
__CFG_XINST$OFF             (abs)        000000
__CFG_ZCD$OFF               (abs)        000000
__HRAM                      (abs)        000000
__Habs1                     abs1         000000
__Hbank0                    bank0        000000
__Hbank1                    bank1        000000
__Hbank10                   bank10       000000
__Hbank11                   bank11       000000
__Hbank12                   bank12       000000
__Hbank13                   bank13       000000
__Hbank14                   bank14       000000
__Hbank15                   bank15       000000
__Hbank16                   bank16       000000
__Hbank17                   bank17       000000
__Hbank18                   bank18       000000
__Hbank19                   bank19       000000
__Hbank2                    bank2        000000
__Hbank20                   bank20       000000
__Hbank21                   bank21       000000
__Hbank22                   bank22       000000
__Hbank23                   bank23       000000
__Hbank24                   bank24       000000
__Hbank25                   bank25       000000
__Hbank26                   bank26       000000
__Hbank27                   bank27       000000
__Hbank28                   bank28       000000
__Hbank29                   bank29       000000
__Hbank3                    bank3        000000
__Hbank30                   bank30       000000
__Hbank31                   bank31       000000
__Hbank4                    bank4        000000
__Hbank5                    bank5        000000
__Hbank6                    bank6        000000
__Hbank7                    bank7        000000
__Hbank8                    bank8        000000
__Hbank9                    bank9        000000
__Hbigbss                   bigbss       000000
__Hbigdata                  bigdata      000000
__Hbigram                   bigram       000000
__Hbss                      bss          000000
__HbssBANK0                 bssBANK0     000000
__HbssBANK4                 bssBANK4     000000
__Hcinit                    cinit        000000
__Hclrtext                  clrtext      000000
__Hcomram                   comram       000000
__Hconfig                   config       30000A
__Hconst                    const        000000
__HcstackBANK0              cstackBANK0  000000
__HcstackBANK3              cstackBANK3  000000
__HcstackBANK4              cstackBANK4  000000
__HcstackCOMRAM             cstackCOMRAM 000000
__Hdata                     data         000000
__HdataBANK0                dataBANK0    000000
__HdataBANK4                dataBANK4    000000
__Heeprom_data              eeprom_data  000000
__Hfarbss                   farbss       000000
__Hfardata                  fardata      000000
__Hibigdata                 ibigdata     000000
__Hidata                    idata        000000
__HidataBANK0               idataBANK0   000000
__HidataBANK4               idataBANK4   000000
__Hidloc                    idloc        200010
__Hifardata                 ifardata     000000
__Hinit                     init         020000
__Hintsave_regs             intsave_regs 000000
__Hirdata                   irdata       000000
__Hmediumconst              mediumconst  010000
__HnvFARRAM                 nvFARRAM     000000
__Hnvbit                    nvbit        000000
__Hnvrram                   nvrram       000000
__Hparam                    rparam       000000
__Hpowerup                  powerup      000000
__Hram                      ram          000000
__Hramtop                   ramtop       002000
__Hrbit                     rbit         000000
__Hrbss                     rbss         000000
__Hrdata                    rdata        000000
__Hreset_vec                reset_vec    000004
__Hrparam                   rparam       000000
__Hsfr                      sfr          000000
__Hsmallconst               smallconst   000000
__Hspace_0                  (abs)        30000A
__Hspace_1                  (abs)        0004C1
__Hspace_2                  (abs)        000000
__Hstack                    stack        000000
__Hstruct                   struct       000000
__Htemp                     temp         000000
__Htext                     text         000000
__Htext0                    text0        000000
__Htext1                    text1        000000
__Htext10                   text10       000000
__Htext11                   text11       000000
__Htext12                   text12       000000
__Htext13                   text13       000000
__Htext14                   text14       000000
__Htext15                   text15       000000
__Htext16                   text16       000000
__Htext17                   text17       000000
__Htext18                   text18       000000
__Htext19                   text19       000000
__Htext2                    text2        000000
__Htext20                   text20       000000
__Htext21                   text21       000000
__Htext22                   text22       000000
__Htext23                   text23       000000
__Htext24                   text24       000000
__Htext25                   text25       000000
__Htext26                   text26       000000
__Htext27                   text27       000000
__Htext28                   text28       000000
__Htext29                   text29       000000
__Htext3                    text3        000000
__Htext30                   text30       000000
__Htext31                   text31       000000
__Htext32                   text32       000000
__Htext33                   text33       000000
__Htext34                   text34       000000
__Htext35                   text35       000000
__Htext36                   text36       000000
__Htext37                   text37       000000
__Htext38                   text38       000000
__Htext39                   text39       000000
__Htext4                    text4        000000
__Htext40                   text40       000000
__Htext41                   text41       000000
__Htext42                   text42       000000
__Htext43                   text43       000000
__Htext44                   text44       000000
__Htext45                   text45       000000
__Htext46                   text46       000000
__Htext47                   text47       000000
__Htext48                   text48       000000
__Htext5                    text5        000000
__Htext6                    text6        000000
__Htext7                    text7        000000
__Htext8                    text8        000000
__Htext9                    text9        000000
__LRAM                      (abs)        000001
__Labs1                     abs1         000000
__Lbank0                    bank0        000000
__Lbank1                    bank1        000000
__Lbank10                   bank10       000000
__Lbank11                   bank11       000000
__Lbank12                   bank12       000000
__Lbank13                   bank13       000000
__Lbank14                   bank14       000000
__Lbank15                   bank15       000000
__Lbank16                   bank16       000000
__Lbank17                   bank17       000000
__Lbank18                   bank18       000000
__Lbank19                   bank19       000000
__Lbank2                    bank2        000000
__Lbank20                   bank20       000000
__Lbank21                   bank21       000000
__Lbank22                   bank22       000000
__Lbank23                   bank23       000000
__Lbank24                   bank24       000000
__Lbank25                   bank25       000000
__Lbank26                   bank26       000000
__Lbank27                   bank27       000000
__Lbank28                   bank28       000000
__Lbank29                   bank29       000000
__Lbank3                    bank3        000000
__Lbank30                   bank30       000000
__Lbank31                   bank31       000000
__Lbank4                    bank4        000000
__Lbank5                    bank5        000000
__Lbank6                    bank6        000000
__Lbank7                    bank7        000000
__Lbank8                    bank8        000000
__Lbank9                    bank9        000000
__Lbigbss                   bigbss       000000
__Lbigdata                  bigdata      000000
__Lbigram                   bigram       000000
__Lbss                      bss          000000
__LbssBANK0                 bssBANK0     000000
__LbssBANK4                 bssBANK4     000000
__Lcinit                    cinit        000000
__Lclrtext                  clrtext      000000
__Lcomram                   comram       000000
__Lconfig                   config       300000
__Lconst                    const        000000
__LcstackBANK0              cstackBANK0  000000
__LcstackBANK3              cstackBANK3  000000
__LcstackBANK4              cstackBANK4  000000
__LcstackCOMRAM             cstackCOMRAM 000000
__Ldata                     data         000000
__LdataBANK0                dataBANK0    000000
__LdataBANK4                dataBANK4    000000
__Leeprom_data              eeprom_data  000000
__Lfarbss                   farbss       000000
__Lfardata                  fardata      000000
__Libigdata                 ibigdata     000000
__Lidata                    idata        000000
__LidataBANK0               idataBANK0   000000
__LidataBANK4               idataBANK4   000000
__Lidloc                    idloc        200000
__Lifardata                 ifardata     000000
__Linit                     init         01FFFC
__Lintsave_regs             intsave_regs 000000
__Lirdata                   irdata       000000
__Lmediumconst              mediumconst  00FEE0
__LnvFARRAM                 nvFARRAM     000000
__Lnvbit                    nvbit        000000
__Lnvrram                   nvrram       000000
__Lparam                    rparam       000000
__Lpowerup                  powerup      000000
__Lram                      ram          000000
__Lramtop                   ramtop       002000
__Lrbit                     rbit         000000
__Lrbss                     rbss         000000
__Lrdata                    rdata        000000
__Lreset_vec                reset_vec    000000
__Lrparam                   rparam       000000
__Lsfr                      sfr          000000
__Lsmallconst               smallconst   000000
__Lspace_0                  (abs)        000000
__Lspace_1                  (abs)        000000
__Lspace_2                  (abs)        000000
__Lstack                    stack        000000
__Lstruct                   struct       000000
__Ltemp                     temp         000000
__Ltext                     text         000000
__Ltext0                    text0        000000
__Ltext1                    text1        000000
__Ltext10                   text10       000000
__Ltext11                   text11       000000
__Ltext12                   text12       000000
__Ltext13                   text13       000000
__Ltext14                   text14       000000
__Ltext15                   text15       000000
__Ltext16                   text16       000000
__Ltext17                   text17       000000
__Ltext18                   text18       000000
__Ltext19                   text19       000000
__Ltext2                    text2        000000
__Ltext20                   text20       000000
__Ltext21                   text21       000000
__Ltext22                   text22       000000
__Ltext23                   text23       000000
__Ltext24                   text24       000000
__Ltext25                   text25       000000
__Ltext26                   text26       000000
__Ltext27                   text27       000000
__Ltext28                   text28       000000
__Ltext29                   text29       000000
__Ltext3                    text3        000000
__Ltext30                   text30       000000
__Ltext31                   text31       000000
__Ltext32                   text32       000000
__Ltext33                   text33       000000
__Ltext34                   text34       000000
__Ltext35                   text35       000000
__Ltext36                   text36       000000
__Ltext37                   text37       000000
__Ltext38                   text38       000000
__Ltext39                   text39       000000
__Ltext4                    text4        000000
__Ltext40                   text40       000000
__Ltext41                   text41       000000
__Ltext42                   text42       000000
__Ltext43                   text43       000000
__Ltext44                   text44       000000
__Ltext45                   text45       000000
__Ltext46                   text46       000000
__Ltext47                   text47       000000
__Ltext48                   text48       000000
__Ltext5                    text5        000000
__Ltext6                    text6        000000
__Ltext7                    text7        000000
__Ltext8                    text8        000000
__Ltext9                    text9        000000
__S0                        (abs)        30000A
__S1                        (abs)        0004C1
__S2                        (abs)        000000
___aldiv                    text41       0135DC
___aldiv@counter            cstackCOMRAM 000015
___aldiv@dividend           cstackCOMRAM 00000D
___aldiv@divisor            cstackCOMRAM 000011
___aldiv@quotient           cstackCOMRAM 000017
___aldiv@sign               cstackCOMRAM 000016
___almod                    text40       0138FE
___almod@counter            cstackCOMRAM 000009
___almod@dividend           cstackCOMRAM 000001
___almod@divisor            cstackCOMRAM 000005
___almod@sign               cstackCOMRAM 00000A
___awdiv                    text32       013D2E
___awdiv@counter            cstackCOMRAM 000005
___awdiv@dividend           cstackCOMRAM 000001
___awdiv@divisor            cstackCOMRAM 000003
___awdiv@quotient           cstackCOMRAM 000007
___awdiv@sign               cstackCOMRAM 000006
___awmod                    text31       013EA8
___awmod@counter            cstackCOMRAM 000005
___awmod@dividend           cstackCOMRAM 000001
___awmod@divisor            cstackCOMRAM 000003
___awmod@sign               cstackCOMRAM 000006
___fladd                    text26       01256A
___fladd@a                  cstackCOMRAM 000013
___fladd@aexp               cstackCOMRAM 00001C
___fladd@b                  cstackCOMRAM 00000F
___fladd@bexp               cstackCOMRAM 00001D
___fladd@grs                cstackCOMRAM 00001E
___fladd@signs              cstackCOMRAM 00001B
___fldiv                    text30       0128B2
___fldiv@a                  cstackCOMRAM 000023
___fldiv@aexp               cstackCOMRAM 000037
___fldiv@b                  cstackCOMRAM 00001F
___fldiv@bexp               cstackCOMRAM 000036
___fldiv@grs                cstackCOMRAM 000032
___fldiv@new_exp            cstackCOMRAM 000030
___fldiv@rem                cstackCOMRAM 00002B
___fldiv@sign               cstackCOMRAM 00002F
___fleq                     text29       013C1A
___fleq@ff1                 cstackCOMRAM 000001
___fleq@ff2                 cstackCOMRAM 000005
___flge                     text39       0136B0
___flge@ff1                 cstackCOMRAM 000051
___flge@ff2                 cstackCOMRAM 000055
___flmul                    text28       0121E6
___flmul@a                  cstackCOMRAM 00003C
___flmul@aexp               cstackCOMRAM 000045
___flmul@b                  cstackCOMRAM 000038
___flmul@bexp               cstackCOMRAM 00004A
___flmul@grs                cstackCOMRAM 000046
___flmul@prod               cstackCOMRAM 00004B
___flmul@sign               cstackCOMRAM 000044
___flmul@temp               cstackCOMRAM 00004F
___flneg                    text27       01434A
___flneg@f1                 cstackCOMRAM 000001
___flsub                    text25       0140C6
___flsub@a                  cstackCOMRAM 000055
___flsub@b                  cstackCOMRAM 000051
___fltol                    text24       013780
___fltol@exp1               cstackCOMRAM 00000A
___fltol@f1                 cstackCOMRAM 000001
___fltol@sign1              cstackCOMRAM 000009
___fpclassifyf              text23       013408
___fpclassifyf@F463         bssBANK0     0000D8
___fpclassifyf@e            cstackCOMRAM 000009
___fpclassifyf@u            cstackCOMRAM 00000B
___fpclassifyf@x            cstackCOMRAM 000001
___inthi_sp                 stack        000000
___intlo_sp                 stack        000000
___lldiv                    text46       013CA4
___lldiv@counter            cstackCOMRAM 00000D
___lldiv@dividend           cstackCOMRAM 000001
___lldiv@divisor            cstackCOMRAM 000005
___lldiv@quotient           cstackCOMRAM 000009
___llmod                    text45       013F8E
___llmod@counter            cstackCOMRAM 000016
___llmod@dividend           cstackCOMRAM 00000E
___llmod@divisor            cstackCOMRAM 000012
___lmul                     text38       014124
___lmul@multiplicand        cstackCOMRAM 000005
___lmul@multiplier          cstackCOMRAM 000001
___lmul@product             cstackCOMRAM 000009
___param_bank               (abs)        000000
___rparam_used              (abs)        000001
___sp                       stack        000000
___wmul                     text36       01441A
___wmul@multiplicand        cstackCOMRAM 000003
___wmul@multiplier          cstackCOMRAM 000001
___wmul@product             cstackCOMRAM 000005
___xxtofl                   text44       01319A
___xxtofl@arg               cstackCOMRAM 00000B
___xxtofl@exp               cstackCOMRAM 00000A
___xxtofl@sign              cstackCOMRAM 000009
___xxtofl@val               cstackCOMRAM 000001
__accesstop                 (abs)        000060
__activetblptr              (abs)        000003
__end_of___aldiv            text41       0136B0
__end_of___almod            text40       0139B2
__end_of___awdiv            text32       013DB6
__end_of___awmod            text31       013F1C
__end_of___fladd            text26       0128B2
__end_of___fldiv            text30       012B5E
__end_of___fleq             text29       013CA4
__end_of___flge             text39       013780
__end_of___flmul            text28       01256A
__end_of___flneg            text27       014380
__end_of___flsub            text25       014124
__end_of___fltol            text24       01384A
__end_of___fpclassifyf      text23       0134F4
__end_of___lldiv            text46       013D2E
__end_of___llmod            text45       013FFC
__end_of___lmul             text38       014182
__end_of___wmul             text36       014448
__end_of___xxtofl           text44       0132FE
__end_of__initialization    cinit        0140C0
__end_of_atoi               text33       012EC2
__end_of_efgtoa             text13       0116C0
__end_of_floorf             text22       012D48
__end_of_fputc              text20       013B8C
__end_of_fputs              text19       01434A
__end_of_handle_message     text5        013408
__end_of_isdigit            text35       0143E8
__end_of_isspace            text34       014312
__end_of_isupper            text15       0143B4
__end_of_lcd_init           text47       013E32
__end_of_lcd_print          text43       013C1A
__end_of_lcd_set_data_addr  text42       01445E
__end_of_lcd_write          text48       014284
__end_of_main               text0        013036
__end_of_main_loop          text2        010B78
__end_of_memcpy             text8        013F8E
__end_of_pad                text17       013A56
__end_of_putch              text21       014482
__end_of_setLED             text37       011D26
__end_of_soundAmplify       mediumconst  00FF01
__end_of_sprintf            text9        0142CE
__end_of_stateCheckCmd      mediumconst  00FF06
__end_of_strcpy             text16       014064
__end_of_strlen             text18       01441A
__end_of_strncmp            text12       0138FE
__end_of_tolower            text14       014232
__end_of_transmitChecksum   text7        014472
__end_of_uart_init          text1        013AF2
__end_of_uart_send          text6        013EA8
__end_of_uart_tasks         text4        01319A
__end_of_updateButtonLight  text3        0135DC
__end_of_vfpfcnvrt          text11       0121E6
__end_of_vfprintf           text10       0141DE
__end_of_volCheckCmd        mediumconst  00FF04
__initialization            cinit        014064
__mediumconst               mediumconst  00FEE0
__pbssBANK0                 bssBANK0     0000D4
__pbssBANK4                 bssBANK4     000400
__pcinit                    cinit        014064
__pcstackBANK0              cstackBANK0  000060
__pcstackBANK3              cstackBANK3  000300
__pcstackBANK4              cstackBANK4  00048A
__pcstackCOMRAM             cstackCOMRAM 000001
__pdataBANK0                dataBANK0    0000E6
__pdataBANK4                dataBANK4    0004BD
__pidataBANK0               idataBANK0   014472
__pidataBANK4               idataBANK4   01447C
__pmediumconst              mediumconst  00FEE0
__ptext0                    text0        012EC2
__ptext1                    text1        013A56
__ptext10                   text10       014182
__ptext11                   text11       011D26
__ptext12                   text12       01384A
__ptext13                   text13       010B78
__ptext14                   text14       0141DE
__ptext15                   text15       014380
__ptext16                   text16       013FFC
__ptext17                   text17       0139B2
__ptext18                   text18       0143E8
__ptext19                   text19       014312
__ptext2                    text2        010000
__ptext20                   text20       013AF2
__ptext21                   text21       014480
__ptext22                   text22       012B5E
__ptext23                   text23       013408
__ptext24                   text24       013780
__ptext25                   text25       0140C6
__ptext26                   text26       01256A
__ptext27                   text27       01434A
__ptext28                   text28       0121E6
__ptext29                   text29       013C1A
__ptext3                    text3        0134F4
__ptext30                   text30       0128B2
__ptext31                   text31       013EA8
__ptext32                   text32       013D2E
__ptext33                   text33       012D48
__ptext34                   text34       0142CE
__ptext35                   text35       0143B4
__ptext36                   text36       01441A
__ptext37                   text37       0116C0
__ptext38                   text38       014124
__ptext39                   text39       0136B0
__ptext4                    text4        013036
__ptext40                   text40       0138FE
__ptext41                   text41       0135DC
__ptext42                   text42       014448
__ptext43                   text43       013B8C
__ptext44                   text44       01319A
__ptext45                   text45       013F8E
__ptext46                   text46       013CA4
__ptext47                   text47       013DB6
__ptext48                   text48       014232
__ptext5                    text5        0132FE
__ptext6                    text6        013E32
__ptext7                    text7        01445E
__ptext8                    text8        013F1C
__ptext9                    text9        014284
__ramtop                    ramtop       002000
__size_of___aldiv           (abs)        000000
__size_of___almod           (abs)        000000
__size_of___awdiv           (abs)        000000
__size_of___awmod           (abs)        000000
__size_of___fladd           (abs)        000000
__size_of___fldiv           (abs)        000000
__size_of___fleq            (abs)        000000
__size_of___flge            (abs)        000000
__size_of___flmul           (abs)        000000
__size_of___flneg           (abs)        000000
__size_of___flsub           (abs)        000000
__size_of___fltol           (abs)        000000
__size_of___fpclassifyf     (abs)        000000
__size_of___lldiv           (abs)        000000
__size_of___llmod           (abs)        000000
__size_of___lmul            (abs)        000000
__size_of___wmul            (abs)        000000
__size_of___xxtofl          (abs)        000000
__size_of_atoi              (abs)        000000
__size_of_efgtoa            (abs)        000000
__size_of_floorf            (abs)        000000
__size_of_fputc             (abs)        000000
__size_of_fputs             (abs)        000000
__size_of_handle_message    (abs)        000000
__size_of_isdigit           (abs)        000000
__size_of_isspace           (abs)        000000
__size_of_isupper           (abs)        000000
__size_of_lcd_init          (abs)        000000
__size_of_lcd_print         (abs)        000000
__size_of_lcd_set_data_addr (abs)        000000
__size_of_lcd_write         (abs)        000000
__size_of_main              (abs)        000000
__size_of_main_loop         (abs)        000000
__size_of_memcpy            (abs)        000000
__size_of_pad               (abs)        000000
__size_of_putch             (abs)        000000
__size_of_setLED            (abs)        000000
__size_of_sprintf           (abs)        000000
__size_of_strcpy            (abs)        000000
__size_of_strlen            (abs)        000000
__size_of_strncmp           (abs)        000000
__size_of_tolower           (abs)        000000
__size_of_transmitChecksum  (abs)        000000
__size_of_uart_init         (abs)        000000
__size_of_uart_send         (abs)        000000
__size_of_uart_tasks        (abs)        000000
__size_of_updateButtonLight (abs)        000000
__size_of_vfpfcnvrt         (abs)        000000
__size_of_vfprintf          (abs)        000000
__smallconst                smallconst   000000
_ackCmd                     dataBANK0    0000EE
_atoi                       text33       012D48
_atoi$1128                  cstackCOMRAM 000010
_atoi$1129                  cstackCOMRAM 000014
_atoi$1130                  cstackCOMRAM 000012
_bat_percent                dataBANK0    0000EA
_connected                  bssBANK4     000436
_dbuf                       bssBANK4     00043A
_efgtoa                     text13       010B78
_efgtoa$626                 cstackBANK0  00006F
_efgtoa$627                 cstackBANK0  000071
_efgtoa$632                 cstackBANK0  000073
_efgtoa$636                 cstackBANK0  000075
_efgtoa$637                 cstackBANK0  000077
_efgtoa$638                 cstackBANK0  000079
_flags                      bssBANK0     0000E2
_floorf                     text22       012B5E
_fputc                      text20       013AF2
_fputs                      text19       014312
_handle_message             text5        0132FE
_isdigit                    text35       0143B4
_isspace                    text34       0142CE
_isspace$1159               cstackCOMRAM 000007
_isupper                    text15       014380
_lcd_init                   text47       013DB6
_lcd_print                  text43       013B8C
_lcd_set_data_addr          text42       014448
_lcd_write                  text48       014232
_ledBrightness              dataBANK0    0000E6
_main                       text0        012EC2
_main_loop                  text2        010000
_main_loop$320              cstackBANK4  00049F
_main_loop$321              cstackBANK4  0004A3
_main_loop$322              cstackBANK4  0004A7
_main_loop$343              cstackBANK4  0004AB
_memcpy                     text8        013F1C
_nout                       bssBANK0     0000DC
_on                         bssBANK0     0000E5
_pad                        text17       0139B2
_pairing                    bssBANK4     000438
_prec                       bssBANK0     0000E0
_putch                      text21       014480
_rxBuf                      (abs)        000100
_setLED                     text37       0116C0
_setLED$288                 cstackBANK0  000074
_setLED$289                 cstackBANK0  000078
_setLED$294                 cstackBANK0  00007C
_setLED$295                 cstackBANK0  000080
_soundAmplify               mediumconst  00FEE1
_sprintf                    text9        014284
_stateCheckCmd              mediumconst  00FF04
_strcpy                     text16       013FFC
_streaming                  bssBANK4     000437
_strlen                     text18       0143E8
_strncmp                    text12       01384A
_tolower                    text14       0141DE
_tolower$1251               cstackCOMRAM 00000D
_transmitChecksum           text7        01445E
_txBuf                      (abs)        000200
_uart_init                  text1        013A56
_uart_send                  text6        013E32
_uart_tasks                 text4        013036
_updateButtonLight          text3        0134F4
_vfpfcnvrt                  text11       011D26
_vfpfcnvrt$652              cstackBANK0  0000A7
_vfpfcnvrt$653              cstackBANK0  0000A9
_vfpfcnvrt$657              cstackBANK0  0000AB
_vfprintf                   text10       014182
_volCheckCmd                mediumconst  00FF01
_volume_level               bssBANK4     000439
_width                      bssBANK0     0000DE
atoi@n                      cstackCOMRAM 000015
atoi@neg                    cstackCOMRAM 00000E
atoi@s                      cstackCOMRAM 000008
efgtoa@c                    cstackBANK0  000065
efgtoa@d                    cstackBANK0  000083
efgtoa@e                    cstackBANK0  00009B
efgtoa@f                    cstackBANK0  000061
efgtoa@fp                   cstackBANK0  000060
efgtoa@g                    cstackBANK0  000097
efgtoa@h                    cstackBANK0  00008D
efgtoa@i                    cstackBANK0  000095
efgtoa@l                    cstackBANK0  000091
efgtoa@m                    cstackBANK0  00007F
efgtoa@mode                 cstackBANK0  00008C
efgtoa@n                    cstackBANK0  00009D
efgtoa@ne                   cstackBANK0  000081
efgtoa@nmode                cstackBANK0  000089
efgtoa@ou                   cstackBANK0  00006B
efgtoa@p                    cstackBANK0  000087
efgtoa@pp                   cstackBANK0  00007D
efgtoa@sign                 cstackBANK0  000085
efgtoa@t                    cstackBANK0  00007B
efgtoa@u                    cstackBANK0  00009F
efgtoa@w                    cstackBANK0  00008A
end_of_initialization       cinit        0140C0
floorf@F524                 bssBANK0     0000D4
floorf@e                    cstackCOMRAM 000046
floorf@m                    cstackCOMRAM 000042
floorf@u                    cstackCOMRAM 000048
floorf@x                    cstackCOMRAM 000038
fputc@c                     cstackCOMRAM 000001
fputc@fp                    cstackCOMRAM 000003
fputs@c                     cstackCOMRAM 00000C
fputs@fp                    cstackCOMRAM 00000B
fputs@i                     cstackCOMRAM 00000D
fputs@s                     cstackCOMRAM 000009
handle_message@len          cstackCOMRAM 000013
handle_message@message      cstackCOMRAM 000011
intlevel0                   text         000000
intlevel1                   text         000000
intlevel2                   text         000000
intlevel3                   text         000000
isdigit@c                   cstackCOMRAM 000001
isspace@c                   cstackCOMRAM 000001
isupper@c                   cstackCOMRAM 000001
lcd_init@cursor             cstackCOMRAM 000006
lcd_init@cursorblink        cstackCOMRAM 000007
lcd_init@inc                cstackCOMRAM 00000A
lcd_init@on                 cstackCOMRAM 000008
lcd_init@shift              cstackCOMRAM 000005
lcd_print@i                 cstackCOMRAM 000009
lcd_print@string            cstackCOMRAM 000005
lcd_set_data_addr@addr      cstackCOMRAM 000005
lcd_write@data              cstackCOMRAM 000001
lcd_write@longdelay         cstackCOMRAM 000002
lcd_write@rs                cstackCOMRAM 000004
main_loop@absRes            cstackBANK4  0004AF
main_loop@ampFault          bssBANK4     000435
main_loop@batCutoff         bssBANK4     000434
main_loop@batlvl            cstackBANK4  0004B3
main_loop@batmsg            cstackBANK4  00048A
main_loop@clipCount         bssBANK4     000430
main_loop@counter           dataBANK4    0004BD
main_loop@last              bssBANK4     000400
main_loop@lastAvg           cstackBANK4  00049B
main_loop@lastSum           bssBANK4     000428
main_loop@pos               bssBANK4     000432
main_loop@rel               cstackBANK4  0004B9
main_loop@res               cstackBANK4  0004B1
main_loop@sample            cstackBANK4  0004B5
main_loop@sum               bssBANK4     00042C
memcpy@d                    cstackCOMRAM 000007
memcpy@d1                   cstackCOMRAM 000001
memcpy@n                    cstackCOMRAM 000005
memcpy@s                    cstackCOMRAM 000009
memcpy@s1                   cstackCOMRAM 000003
memcpy@tmp                  cstackCOMRAM 00000B
pad@buf                     cstackCOMRAM 000010
pad@fp                      cstackCOMRAM 00000F
pad@i                       cstackCOMRAM 000015
pad@p                       cstackCOMRAM 000012
pad@w                       cstackCOMRAM 000017
setLED@b                    cstackBANK0  00008A
setLED@g                    cstackBANK0  000086
setLED@mod                  cstackBANK0  000060
setLED@r                    cstackBANK0  000070
setLED@sb                   cstackBANK0  000092
setLED@sg                   cstackBANK0  00008E
setLED@shift                cstackBANK0  00009A
setLED@sr                   cstackBANK0  000096
setLED@step                 cstackBANK0  000064
setLED@trueMod              cstackBANK0  000084
sprintf@ap                  cstackBANK0  0000C5
sprintf@f                   cstackBANK0  0000C6
sprintf@fmt                 cstackBANK0  0000BD
sprintf@s                   cstackBANK0  0000BB
stackhi                     (abs)        001FFF
stacklo                     (abs)        0004C1
start                       init         01FFFC
start_initialization        cinit        014064
strcpy@d                    cstackCOMRAM 000009
strcpy@dest                 cstackCOMRAM 000001
strcpy@s                    cstackCOMRAM 000007
strcpy@src                  cstackCOMRAM 000003
strlen@a                    cstackCOMRAM 000003
strlen@s                    cstackCOMRAM 000001
strncmp@_l                  cstackCOMRAM 000001
strncmp@_r                  cstackCOMRAM 000002
strncmp@l                   cstackCOMRAM 000009
strncmp@n                   cstackCOMRAM 000004
strncmp@r                   cstackCOMRAM 000007
tolower@c                   cstackCOMRAM 000007
uart_send@buf               cstackCOMRAM 00000C
uart_send@len               cstackCOMRAM 00000E
uart_tasks@bytePos          cstackCOMRAM 00001F
uart_tasks@checksum         cstackCOMRAM 00001B
uart_tasks@i                cstackCOMRAM 00001E
uart_tasks@intPos           cstackCOMRAM 000020
uart_tasks@message          cstackBANK3  000300
uart_tasks@msgLen           cstackCOMRAM 000021
uart_tasks@msgOffset        cstackCOMRAM 00001C
uart_tasks@posInRawMsg      cstackCOMRAM 00001D
uart_tasks@rawMsgOffset     cstackCOMRAM 00001A
uart_tasks@rxLen            cstackCOMRAM 000019
uart_tasks@rxPos            bssBANK0     0000E4
uart_tasks@val              cstackCOMRAM 000023
uart_tasks@zeroByte         cstackCOMRAM 000022
updateButtonLight@dch       cstackCOMRAM 000023
updateButtonLight@step      cstackCOMRAM 00001B
vfpfcnvrt@ap                cstackCOMRAM 00005F
vfpfcnvrt@c                 cstackBANK0  0000B4
vfpfcnvrt@ct                cstackBANK0  0000AD
vfpfcnvrt@f                 cstackBANK0  0000B0
vfpfcnvrt@fmt               cstackCOMRAM 00005E
vfpfcnvrt@fp                cstackCOMRAM 00005D
vfprintf@ap                 cstackBANK0  0000B8
vfprintf@cfmt               cstackBANK0  0000B9
vfprintf@fmt                cstackBANK0  0000B6
vfprintf@fp                 cstackBANK0  0000B5


FUNCTION INFORMATION:

 *************** function _main *****************
 Defined at:
		line 282 in file "main.c"
 Parameters:    Size  Location     Type
		None
 Auto vars:     Size  Location     Type
		None
 Return value:  Size  Location     Type
                  1    wreg      void 
 Registers used:
		wreg, fsr1l, fsr1h, fsr2l, fsr2h, status,2, status,0, tblptrl, tblptrh, tblptru, prodl, prodh, cstack
 Tracked objects:
		On entry : 
		On exit  : 
		Unchanged: 
 Data sizes:     COMRAM   BANK0   BANK3   BANK4   BANK5   BANK6   BANK7   BANK8   BANK9  BANK10  BANK11  BANK12  BANK13  BANK14  BANK15  BANK16  BANK17  BANK18  BANK19  BANK20  BANK21  BANK22  BANK23  BANK24  BANK25  BANK26  BANK27  BANK28  BANK29  BANK30  BANK31
      Params:         0       0       0       0       0       0       0       0       0       0       0       0       0       0       0       0       0       0       0       0       0       0       0       0       0       0       0       0       0       0       0
      Locals:         0       0       0       0       0       0       0       0       0       0       0       0       0       0       0       0       0       0       0       0       0       0       0       0       0       0       0       0       0       0       0
      Temps:          0       2       0       0       0       0       0       0       0       0       0       0       0       0       0       0       0       0       0       0       0       0       0       0       0       0       0       0       0       0       0
      Totals:         0       2       0       0       0       0       0       0       0       0       0       0       0       0       0       0       0       0       0       0       0       0       0       0       0       0       0       0       0       0       0
Total ram usage:        2 bytes
 Hardware stack levels required when called:    9
 This function calls:
		_lcd_init
		_lcd_print
		_main_loop
		_uart_init
 This function is called by:
		Startup code after reset
 This function uses a non-reentrant model


 *************** function _uart_init *****************
 Defined at:
		line 16 in file "uart.c"
 Parameters:    Size  Location     Type
		None
 Auto vars:     Size  Location     Type
		None
 Return value:  Size  Location     Type
                  1    wreg      void 
 Registers used:
		wreg, status,2
 Tracked objects:
		On entry : 
		On exit  : 
		Unchanged: 
 Data sizes:     COMRAM   BANK0   BANK3   BANK4   BANK5   BANK6   BANK7   BANK8   BANK9  BANK10  BANK11  BANK12  BANK13  BANK14  BANK15  BANK16  BANK17  BANK18  BANK19  BANK20  BANK21  BANK22  BANK23  BANK24  BANK25  BANK26  BANK27  BANK28  BANK29  BANK30  BANK31
      Params:         0       0       0       0       0       0       0       0       0       0       0       0       0       0       0       0       0       0       0       0       0       0       0       0       0       0       0       0       0       0       0
      Locals:         0       0       0       0       0       0       0       0       0       0       0       0       0       0       0       0       0       0       0       0       0       0       0       0       0       0       0       0       0       0       0
      Temps:          0       0       0       0       0       0       0       0       0       0       0       0       0       0       0       0       0       0       0       0       0       0       0       0       0       0       0       0       0       0       0
      Totals:         0       0       0       0       0       0       0       0       0       0       0       0       0       0       0       0       0       0       0       0       0       0       0       0       0       0       0       0       0       0       0
Total ram usage:        0 bytes
 Hardware stack levels used:    1
 This function calls:
		Nothing
 This function is called by:
		_main
 This function uses a non-reentrant model


 *************** function _main_loop *****************
 Defined at:
		line 160 in file "main.c"
 Parameters:    Size  Location     Type
		None
 Auto vars:     Size  Location     Type
  batmsg         17    0[BANK4 ] unsigned char [17]
  batlvl          2   41[BANK4 ] unsigned short 
  rel             4   47[BANK4 ] long 
  sample          4   43[BANK4 ] long 
  lastAvg         4   17[BANK4 ] unsigned long 
  res             2   39[BANK4 ] short 
  absRes          2   37[BANK4 ] short 
 Return value:  Size  Location     Type
                  1    wreg      void 
 Registers used:
		wreg, fsr1l, fsr1h, fsr2l, fsr2h, status,2, status,0, tblptrl, tblptrh, tblptru, prodl, prodh, cstack
 Tracked objects:
		On entry : 
		On exit  : 
		Unchanged: 
 Data sizes:     COMRAM   BANK0   BANK3   BANK4   BANK5   BANK6   BANK7   BANK8   BANK9  BANK10  BANK11  BANK12  BANK13  BANK14  BANK15  BANK16  BANK17  BANK18  BANK19  BANK20  BANK21  BANK22  BANK23  BANK24  BANK25  BANK26  BANK27  BANK28  BANK29  BANK30  BANK31
      Params:         0       0       0       0       0       0       0       0       0       0       0       0       0       0       0       0       0       0       0       0       0       0       0       0       0       0       0       0       0       0       0
      Locals:         0       0       0      51       0       0       0       0       0       0       0       0       0       0       0       0       0       0       0       0       0       0       0       0       0       0       0       0       0       0       0
      Temps:          0       6       0       0       0       0       0       0       0       0       0       0       0       0       0       0       0       0       0       0       0       0       0       0       0       0       0       0       0       0       0
      Totals:         0       6       0      51       0       0       0       0       0       0       0       0       0       0       0       0       0       0       0       0       0       0       0       0       0       0       0       0       0       0       0
Total ram usage:       57 bytes
 Hardware stack levels used:    1
 Hardware stack levels required when called:    8
 This function calls:
		___awdiv
		___fladd
		___fldiv
		___flge
		___flmul
		___lldiv
		___llmod
		___lmul
		___xxtofl
		_lcd_print
		_lcd_set_data_addr
		_setLED
		_sprintf
		_uart_send
		_uart_tasks
		_updateButtonLight
 This function is called by:
		_main
 This function uses a non-reentrant model


 *************** function _updateButtonLight *****************
 Defined at:
		line 94 in file "main.c"
 Parameters:    Size  Location     Type
  step            4   26[COMRAM] long 
 Auto vars:     Size  Location     Type
  dch             4   34[COMRAM] long 
 Return value:  Size  Location     Type
                  1    wreg      void 
 Registers used:
		wreg, status,2, status,0, cstack
 Tracked objects:
		On entry : 
		On exit  : 
		Unchanged: 
 Data sizes:     COMRAM   BANK0   BANK3   BANK4   BANK5   BANK6   BANK7   BANK8   BANK9  BANK10  BANK11  BANK12  BANK13  BANK14  BANK15  BANK16  BANK17  BANK18  BANK19  BANK20  BANK21  BANK22  BANK23  BANK24  BANK25  BANK26  BANK27  BANK28  BANK29  BANK30  BANK31
      Params:         4       0       0       0       0       0       0       0       0       0       0       0       0       0       0       0       0       0       0       0       0       0       0       0       0       0       0       0       0       0       0
      Locals:         4       0       0       0       0       0       0       0       0       0       0       0       0       0       0       0       0       0       0       0       0       0       0       0       0       0       0       0       0       0       0
      Temps:          4       0       0       0       0       0       0       0       0       0       0       0       0       0       0       0       0       0       0       0       0       0       0       0       0       0       0       0       0       0       0
      Totals:        12       0       0       0       0       0       0       0       0       0       0       0       0       0       0       0       0       0       0       0       0       0       0       0       0       0       0       0       0       0       0
Total ram usage:       12 bytes
 Hardware stack levels used:    1
 Hardware stack levels required when called:    1
 This function calls:
		___aldiv
 This function is called by:
		_main_loop
 This function uses a non-reentrant model


 *************** function _uart_tasks *****************
 Defined at:
		line 80 in file "uart.c"
 Parameters:    Size  Location     Type
		None
 Auto vars:     Size  Location     Type
  val             1   34[COMRAM] unsigned char 
  intPos          1   31[COMRAM] unsigned char 
  bytePos         1   30[COMRAM] unsigned char 
  posInRawMsg     1   28[COMRAM] unsigned char 
  message       256    0[BANK3 ] unsigned char [256]
  zeroByte        1   33[COMRAM] _Bool 
  msgLen          1   32[COMRAM] unsigned char 
  i               1   29[COMRAM] unsigned char 
  msgOffset       1   27[COMRAM] unsigned char 
  checksum        1   26[COMRAM] unsigned char 
  rawMsgOffset    1   25[COMRAM] unsigned char 
  rxLen           1   24[COMRAM] unsigned char 
 Return value:  Size  Location     Type
                  1    wreg      void 
 Registers used:
		wreg, fsr1l, fsr1h, fsr2l, fsr2h, status,2, status,0, tblptrl, tblptrh, tblptru, cstack
 Tracked objects:
		On entry : 
		On exit  : 
		Unchanged: 
 Data sizes:     COMRAM   BANK0   BANK3   BANK4   BANK5   BANK6   BANK7   BANK8   BANK9  BANK10  BANK11  BANK12  BANK13  BANK14  BANK15  BANK16  BANK17  BANK18  BANK19  BANK20  BANK21  BANK22  BANK23  BANK24  BANK25  BANK26  BANK27  BANK28  BANK29  BANK30  BANK31
      Params:         0       0       0       0       0       0       0       0       0       0       0       0       0       0       0       0       0       0       0       0       0       0       0       0       0       0       0       0       0       0       0
      Locals:        11       0     256       0       0       0       0       0       0       0       0       0       0       0       0       0       0       0       0       0       0       0       0       0       0       0       0       0       0       0       0
      Temps:          4       0       0       0       0       0       0       0       0       0       0       0       0       0       0       0       0       0       0       0       0       0       0       0       0       0       0       0       0       0       0
      Totals:        15       0     256       0       0       0       0       0       0       0       0       0       0       0       0       0       0       0       0       0       0       0       0       0       0       0       0       0       0       0       0
Total ram usage:      271 bytes
 Hardware stack levels used:    1
 Hardware stack levels required when called:    3
 This function calls:
		_handle_message
		_transmitChecksum
 This function is called by:
		_main_loop
 This function uses a non-reentrant model


 *************** function _handle_message *****************
 Defined at:
		line 58 in file "uart.c"
 Parameters:    Size  Location     Type
  message         2   16[COMRAM] PTR unsigned char 
		 -> uart_tasks@message(256), 
  len             1   18[COMRAM] unsigned char 
 Auto vars:     Size  Location     Type
		None
 Return value:  Size  Location     Type
                  1    wreg      void 
 Registers used:
		wreg, fsr1l, fsr1h, fsr2l, fsr2h, status,2, status,0, tblptrl, tblptrh, tblptru, cstack
 Tracked objects:
		On entry : 
		On exit  : 
		Unchanged: 
 Data sizes:     COMRAM   BANK0   BANK3   BANK4   BANK5   BANK6   BANK7   BANK8   BANK9  BANK10  BANK11  BANK12  BANK13  BANK14  BANK15  BANK16  BANK17  BANK18  BANK19  BANK20  BANK21  BANK22  BANK23  BANK24  BANK25  BANK26  BANK27  BANK28  BANK29  BANK30  BANK31
      Params:         3       0       0       0       0       0       0       0       0       0       0       0       0       0       0       0       0       0       0       0       0       0       0       0       0       0       0       0       0       0       0
      Locals:         0       0       0       0       0       0       0       0       0       0       0       0       0       0       0       0       0       0       0       0       0       0       0       0       0       0       0       0       0       0       0
      Temps:          1       0       0       0       0       0       0       0       0       0       0       0       0       0       0       0       0       0       0       0       0       0       0       0       0       0       0       0       0       0       0
      Totals:         4       0       0       0       0       0       0       0       0       0       0       0       0       0       0       0       0       0       0       0       0       0       0       0       0       0       0       0       0       0       0
Total ram usage:        4 bytes
 Hardware stack levels used:    1
 Hardware stack levels required when called:    2
 This function calls:
		_uart_send
 This function is called by:
		_uart_tasks
 This function uses a non-reentrant model


 *************** function _uart_send *****************
 Defined at:
		line 133 in file "uart.c"
 Parameters:    Size  Location     Type
  buf             2   11[COMRAM] PTR unsigned char 
		 -> ackCmd(2), stateCheckCmd(2), volCheckCmd(3), 
  len             1   13[COMRAM] unsigned char 
 Auto vars:     Size  Location     Type
		None
 Return value:  Size  Location     Type
                  1    wreg      void 
 Registers used:
		wreg, fsr1l, fsr1h, fsr2l, fsr2h, status,2, status,0, tblptrl, tblptrh, tblptru, cstack
 Tracked objects:
		On entry : 
		On exit  : 
		Unchanged: 
 Data sizes:     COMRAM   BANK0   BANK3   BANK4   BANK5   BANK6   BANK7   BANK8   BANK9  BANK10  BANK11  BANK12  BANK13  BANK14  BANK15  BANK16  BANK17  BANK18  BANK19  BANK20  BANK21  BANK22  BANK23  BANK24  BANK25  BANK26  BANK27  BANK28  BANK29  BANK30  BANK31
      Params:         3       0       0       0       0       0       0       0       0       0       0       0       0       0       0       0       0       0       0       0       0       0       0       0       0       0       0       0       0       0       0
      Locals:         0       0       0       0       0       0       0       0       0       0       0       0       0       0       0       0       0       0       0       0       0       0       0       0       0       0       0       0       0       0       0
      Temps:          2       0       0       0       0       0       0       0       0       0       0       0       0       0       0       0       0       0       0       0       0       0       0       0       0       0       0       0       0       0       0
      Totals:         5       0       0       0       0       0       0       0       0       0       0       0       0       0       0       0       0       0       0       0       0       0       0       0       0       0       0       0       0       0       0
Total ram usage:        5 bytes
 Hardware stack levels used:    1
 Hardware stack levels required when called:    1
 This function calls:
		_memcpy
		_transmitChecksum
 This function is called by:
		_main_loop
		_handle_message
 This function uses a non-reentrant model


 *************** function _transmitChecksum *****************
 Defined at:
		line 74 in file "uart.c"
 Parameters:    Size  Location     Type
		None
 Auto vars:     Size  Location     Type
		None
 Return value:  Size  Location     Type
                  1    wreg      void 
 Registers used:
		wreg, status,2, status,0
 Tracked objects:
		On entry : 
		On exit  : 
		Unchanged: 
 Data sizes:     COMRAM   BANK0   BANK3   BANK4   BANK5   BANK6   BANK7   BANK8   BANK9  BANK10  BANK11  BANK12  BANK13  BANK14  BANK15  BANK16  BANK17  BANK18  BANK19  BANK20  BANK21  BANK22  BANK23  BANK24  BANK25  BANK26  BANK27  BANK28  BANK29  BANK30  BANK31
[...]
		wreg, fsr1l, fsr1h, status,2, status,0, tblptrl, tblptrh, tblptru, cstack
 Tracked objects:
		On entry : 
		On exit  : 
		Unchanged: 
 Data sizes:     COMRAM   BANK0   BANK3   BANK4   BANK5   BANK6   BANK7   BANK8   BANK9  BANK10  BANK11  BANK12  BANK13  BANK14  BANK15  BANK16  BANK17  BANK18  BANK19  BANK20  BANK21  BANK22  BANK23  BANK24  BANK25  BANK26  BANK27  BANK28  BANK29  BANK30  BANK31
      Params:         2       0       0       0       0       0       0       0       0       0       0       0       0       0       0       0       0       0       0       0       0       0       0       0       0       0       0       0       0       0       0
      Locals:         1       0       0       0       0       0       0       0       0       0       0       0       0       0       0       0       0       0       0       0       0       0       0       0       0       0       0       0       0       0       0
      Temps:          2       0       0       0       0       0       0       0       0       0       0       0       0       0       0       0       0       0       0       0       0       0       0       0       0       0       0       0       0       0       0
      Totals:         5       0       0       0       0       0       0       0       0       0       0       0       0       0       0       0       0       0       0       0       0       0       0       0       0       0       0       0       0       0       0
Total ram usage:        5 bytes
 Hardware stack levels used:    1
 Hardware stack levels required when called:    1
 This function calls:
		_lcd_write
 This function is called by:
		_main_loop
		_main
 This function uses a non-reentrant model


 *************** function ___xxtofl *****************
 Defined at:
		line 10 in file "F:\Programme\Microchip\xc8\v2.10\pic\sources\c99\common\xxtofl.c"
 Parameters:    Size  Location     Type
  sign            1    wreg     unsigned char 
  val             4    0[COMRAM] long 
 Auto vars:     Size  Location     Type
  sign            1    8[COMRAM] unsigned char 
  arg             4   10[COMRAM] unsigned long 
  exp             1    9[COMRAM] unsigned char 
 Return value:  Size  Location     Type
                  4    0[COMRAM] unsigned char 
 Registers used:
		wreg, status,2, status,0
 Tracked objects:
		On entry : 
		On exit  : 
		Unchanged: 
 Data sizes:     COMRAM   BANK0   BANK3   BANK4   BANK5   BANK6   BANK7   BANK8   BANK9  BANK10  BANK11  BANK12  BANK13  BANK14  BANK15  BANK16  BANK17  BANK18  BANK19  BANK20  BANK21  BANK22  BANK23  BANK24  BANK25  BANK26  BANK27  BANK28  BANK29  BANK30  BANK31
      Params:         4       0       0       0       0       0       0       0       0       0       0       0       0       0       0       0       0       0       0       0       0       0       0       0       0       0       0       0       0       0       0
      Locals:         6       0       0       0       0       0       0       0       0       0       0       0       0       0       0       0       0       0       0       0       0       0       0       0       0       0       0       0       0       0       0
      Temps:          4       0       0       0       0       0       0       0       0       0       0       0       0       0       0       0       0       0       0       0       0       0       0       0       0       0       0       0       0       0       0
      Totals:        14       0       0       0       0       0       0       0       0       0       0       0       0       0       0       0       0       0       0       0       0       0       0       0       0       0       0       0       0       0       0
Total ram usage:       14 bytes
 Hardware stack levels used:    1
 This function calls:
		Nothing
 This function is called by:
		_main_loop
 This function uses a non-reentrant model


 *************** function ___llmod *****************
 Defined at:
		line 7 in file "F:\Programme\Microchip\xc8\v2.10\pic\sources\c99\common\llmod.c"
 Parameters:    Size  Location     Type
  dividend        4   13[COMRAM] unsigned long 
  divisor         4   17[COMRAM] unsigned long 
 Auto vars:     Size  Location     Type
  counter         1   21[COMRAM] unsigned char 
 Return value:  Size  Location     Type
                  4   13[COMRAM] unsigned long 
 Registers used:
		wreg, status,2, status,0
 Tracked objects:
		On entry : 
		On exit  : 
		Unchanged: 
 Data sizes:     COMRAM   BANK0   BANK3   BANK4   BANK5   BANK6   BANK7   BANK8   BANK9  BANK10  BANK11  BANK12  BANK13  BANK14  BANK15  BANK16  BANK17  BANK18  BANK19  BANK20  BANK21  BANK22  BANK23  BANK24  BANK25  BANK26  BANK27  BANK28  BANK29  BANK30  BANK31
      Params:         8       0       0       0       0       0       0       0       0       0       0       0       0       0       0       0       0       0       0       0       0       0       0       0       0       0       0       0       0       0       0
      Locals:         1       0       0       0       0       0       0       0       0       0       0       0       0       0       0       0       0       0       0       0       0       0       0       0       0       0       0       0       0       0       0
      Temps:          0       0       0       0       0       0       0       0       0       0       0       0       0       0       0       0       0       0       0       0       0       0       0       0       0       0       0       0       0       0       0
      Totals:         9       0       0       0       0       0       0       0       0       0       0       0       0       0       0       0       0       0       0       0       0       0       0       0       0       0       0       0       0       0       0
Total ram usage:        9 bytes
 Hardware stack levels used:    1
 This function calls:
		Nothing
 This function is called by:
		_main_loop
 This function uses a non-reentrant model


 *************** function ___lldiv *****************
 Defined at:
		line 7 in file "F:\Programme\Microchip\xc8\v2.10\pic\sources\c99\common\__lldiv.c"
 Parameters:    Size  Location     Type
  dividend        4    0[COMRAM] unsigned long 
  divisor         4    4[COMRAM] unsigned long 
 Auto vars:     Size  Location     Type
  quotient        4    8[COMRAM] unsigned long 
  counter         1   12[COMRAM] unsigned char 
 Return value:  Size  Location     Type
                  4    0[COMRAM] unsigned long 
 Registers used:
		wreg, status,2, status,0
 Tracked objects:
		On entry : 
		On exit  : 
		Unchanged: 
 Data sizes:     COMRAM   BANK0   BANK3   BANK4   BANK5   BANK6   BANK7   BANK8   BANK9  BANK10  BANK11  BANK12  BANK13  BANK14  BANK15  BANK16  BANK17  BANK18  BANK19  BANK20  BANK21  BANK22  BANK23  BANK24  BANK25  BANK26  BANK27  BANK28  BANK29  BANK30  BANK31
      Params:         8       0       0       0       0       0       0       0       0       0       0       0       0       0       0       0       0       0       0       0       0       0       0       0       0       0       0       0       0       0       0
      Locals:         5       0       0       0       0       0       0       0       0       0       0       0       0       0       0       0       0       0       0       0       0       0       0       0       0       0       0       0       0       0       0
      Temps:          0       0       0       0       0       0       0       0       0       0       0       0       0       0       0       0       0       0       0       0       0       0       0       0       0       0       0       0       0       0       0
      Totals:        13       0       0       0       0       0       0       0       0       0       0       0       0       0       0       0       0       0       0       0       0       0       0       0       0       0       0       0       0       0       0
Total ram usage:       13 bytes
 Hardware stack levels used:    1
 This function calls:
		Nothing
 This function is called by:
		_main_loop
 This function uses a non-reentrant model


 *************** function _lcd_init *****************
 Defined at:
		line 17 in file "char_lcd.c"
 Parameters:    Size  Location     Type
  inc             1    wreg     _Bool 
  shift           1    4[COMRAM] _Bool 
  cursor          1    5[COMRAM] _Bool 
  cursorblink     1    6[COMRAM] _Bool 
  on              1    7[COMRAM] _Bool 
 Auto vars:     Size  Location     Type
  inc             1    9[COMRAM] _Bool 
 Return value:  Size  Location     Type
                  1    wreg      void 
 Registers used:
		wreg, status,2, status,0, cstack
 Tracked objects:
		On entry : 
		On exit  : 
		Unchanged: 
 Data sizes:     COMRAM   BANK0   BANK3   BANK4   BANK5   BANK6   BANK7   BANK8   BANK9  BANK10  BANK11  BANK12  BANK13  BANK14  BANK15  BANK16  BANK17  BANK18  BANK19  BANK20  BANK21  BANK22  BANK23  BANK24  BANK25  BANK26  BANK27  BANK28  BANK29  BANK30  BANK31
      Params:         4       0       0       0       0       0       0       0       0       0       0       0       0       0       0       0       0       0       0       0       0       0       0       0       0       0       0       0       0       0       0
      Locals:         1       0       0       0       0       0       0       0       0       0       0       0       0       0       0       0       0       0       0       0       0       0       0       0       0       0       0       0       0       0       0
      Temps:          1       0       0       0       0       0       0       0       0       0       0       0       0       0       0       0       0       0       0       0       0       0       0       0       0       0       0       0       0       0       0
      Totals:         6       0       0       0       0       0       0       0       0       0       0       0       0       0       0       0       0       0       0       0       0       0       0       0       0       0       0       0       0       0       0
Total ram usage:        6 bytes
 Hardware stack levels used:    1
 Hardware stack levels required when called:    1
 This function calls:
		_lcd_write
 This function is called by:
		_main
 This function uses a non-reentrant model


 *************** function _lcd_write *****************
 Defined at:
		line 3 in file "char_lcd.c"
 Parameters:    Size  Location     Type
  rs              1    wreg     _Bool 
  data            1    0[COMRAM] unsigned char 
  longdelay       1    1[COMRAM] _Bool 
 Auto vars:     Size  Location     Type
  rs              1    3[COMRAM] _Bool 
 Return value:  Size  Location     Type
                  1    wreg      void 
 Registers used:
		wreg, status,2
 Tracked objects:
		On entry : 
		On exit  : 
		Unchanged: 
 Data sizes:     COMRAM   BANK0   BANK3   BANK4   BANK5   BANK6   BANK7   BANK8   BANK9  BANK10  BANK11  BANK12  BANK13  BANK14  BANK15  BANK16  BANK17  BANK18  BANK19  BANK20  BANK21  BANK22  BANK23  BANK24  BANK25  BANK26  BANK27  BANK28  BANK29  BANK30  BANK31
      Params:         2       0       0       0       0       0       0       0       0       0       0       0       0       0       0       0       0       0       0       0       0       0       0       0       0       0       0       0       0       0       0
      Locals:         1       0       0       0       0       0       0       0       0       0       0       0       0       0       0       0       0       0       0       0       0       0       0       0       0       0       0       0       0       0       0
      Temps:          1       0       0       0       0       0       0       0       0       0       0       0       0       0       0       0       0       0       0       0       0       0       0       0       0       0       0       0       0       0       0
      Totals:         4       0       0       0       0       0       0       0       0       0       0       0       0       0       0       0       0       0       0       0       0       0       0       0       0       0       0       0       0       0       0
Total ram usage:        4 bytes
 Hardware stack levels used:    1
 This function calls:
		Nothing
 This function is called by:
		_lcd_init
		_lcd_set_data_addr
		_lcd_print
 This function uses a non-reentrant model



MODULE INFORMATION

Module		Function		Class		Link	Load	Size
F:\Programme\Microchip\xc8\v2.10\pic\sources\c99\common\isupper.c
		_isupper       		CODE           	14380	0000	53

F:\Programme\Microchip\xc8\v2.10\pic\sources\c99\common\isupper.c estimated size: 53

F:\Programme\Microchip\xc8\v2.10\pic\sources\c99\common\atoi.c
		_atoi          		CODE           	12D48	0000	379

F:\Programme\Microchip\xc8\v2.10\pic\sources\c99\common\atoi.c estimated size: 379

F:\Programme\Microchip\xc8\v2.10\pic\sources\c99\common\fleq.c
		___fleq        		CODE           	13C1A	0000	139

F:\Programme\Microchip\xc8\v2.10\pic\sources\c99\common\fleq.c estimated size: 139

F:\Programme\Microchip\xc8\v2.10\pic\sources\c99\common\doprnt.c
		_vfpfcnvrt     		CODE           	11D26	0000	1217
		_efgtoa        		CODE           	10B78	0000	2889
		_pad           		CODE           	139B2	0000	165
		_vfprintf      		CODE           	14182	0000	93

F:\Programme\Microchip\xc8\v2.10\pic\sources\c99\common\doprnt.c estimated size: 4364

F:\Programme\Microchip\xc8\v2.10\pic\sources\c99\common\isspace.c
		_isspace       		CODE           	142CE	0000	69

F:\Programme\Microchip\xc8\v2.10\pic\sources\c99\common\isspace.c estimated size: 69

uart.c
		_transmitChecksum		CODE           	1445E	0000	21
		_uart_tasks    		CODE           	13036	0000	357
		_uart_init     		CODE           	13A56	0000	157
		_handle_message		CODE           	132FE	0000	267
		_uart_send     		CODE           	13E32	0000	119

uart.c estimated size: 921

F:\Programme\Microchip\xc8\v2.10\pic\sources\c99\common\__fpclassifyf.c
		___fpclassifyf 		CODE           	13408	0000	237

F:\Programme\Microchip\xc8\v2.10\pic\sources\c99\common\__fpclassifyf.c estimated size: 237

char_lcd.c
		_lcd_set_data_addr		CODE           	14448	0000	23
		_lcd_print     		CODE           	13B8C	0000	143
		_lcd_write     		CODE           	14232	0000	83
		_lcd_init      		CODE           	13DB6	0000	125

char_lcd.c estimated size: 374

F:\Programme\Microchip\xc8\v2.10\pic\sources\c99\common\flneg.c
		___flneg       		CODE           	1434A	0000	55

F:\Programme\Microchip\xc8\v2.10\pic\sources\c99\common\flneg.c estimated size: 55

F:\Programme\Microchip\xc8\v2.10\pic\sources\c99\common\strncmp.c
		_strncmp       		CODE           	1384A	0000	181

F:\Programme\Microchip\xc8\v2.10\pic\sources\c99\common\strncmp.c estimated size: 181

F:\Programme\Microchip\xc8\v2.10\pic\sources\c99\common\tolower.c
		_tolower       		CODE           	141DE	0000	85

F:\Programme\Microchip\xc8\v2.10\pic\sources\c99\common\tolower.c estimated size: 85

F:\Programme\Microchip\xc8\v2.10\pic\sources\c99\common\sprcmul.c
		___flmul       		CODE           	121E6	0000	901

F:\Programme\Microchip\xc8\v2.10\pic\sources\c99\common\sprcmul.c estimated size: 901

F:\Programme\Microchip\xc8\v2.10\pic\sources\c99\common\nf_fputc.c
		_fputc         		CODE           	13AF2	0000	155

F:\Programme\Microchip\xc8\v2.10\pic\sources\c99\common\nf_fputc.c estimated size: 155

F:\Programme\Microchip\xc8\v2.10\pic\sources\c99\common\sprcdiv.c
		___fldiv       		CODE           	128B2	0000	685

F:\Programme\Microchip\xc8\v2.10\pic\sources\c99\common\sprcdiv.c estimated size: 685

F:\Programme\Microchip\xc8\v2.10\pic\sources\c99\common\nf_sprintf.c
		_sprintf       		CODE           	14284	0000	75

F:\Programme\Microchip\xc8\v2.10\pic\sources\c99\common\nf_sprintf.c estimated size: 75

F:\Programme\Microchip\xc8\v2.10\pic\sources\c99\common\memcpy.c
		_memcpy        		CODE           	13F1C	0000	115

F:\Programme\Microchip\xc8\v2.10\pic\sources\c99\common\memcpy.c estimated size: 115

F:\Programme\Microchip\xc8\v2.10\pic\sources\c99\common\Umul16.c
		___wmul        		CODE           	1441A	0000	47

F:\Programme\Microchip\xc8\v2.10\pic\sources\c99\common\Umul16.c estimated size: 47

F:\Programme\Microchip\xc8\v2.10\pic\sources\c99\common\awmod.c
		___awmod       		CODE           	13EA8	0000	117

F:\Programme\Microchip\xc8\v2.10\pic\sources\c99\common\awmod.c estimated size: 117

F:\Programme\Microchip\xc8\v2.10\pic\sources\c99\common\__lldiv.c
		___lldiv       		CODE           	13CA4	0000	139

F:\Programme\Microchip\xc8\v2.10\pic\sources\c99\common\__lldiv.c estimated size: 139

F:\Programme\Microchip\xc8\v2.10\pic\sources\c99\common\putch.c
		_putch         		CODE           	14480	0000	3

F:\Programme\Microchip\xc8\v2.10\pic\sources\c99\common\putch.c estimated size: 3

F:\Programme\Microchip\xc8\v2.10\pic\sources\c99\common\llmod.c
		___llmod       		CODE           	13F8E	0000	111

F:\Programme\Microchip\xc8\v2.10\pic\sources\c99\common\llmod.c estimated size: 111

F:\Programme\Microchip\xc8\v2.10\pic\sources\c99\common\almod.c
		___almod       		CODE           	138FE	0000	181

F:\Programme\Microchip\xc8\v2.10\pic\sources\c99\common\almod.c estimated size: 181

F:\Programme\Microchip\xc8\v2.10\pic\sources\c99\common\isdigit.c
		_isdigit       		CODE           	143B4	0000	53

F:\Programme\Microchip\xc8\v2.10\pic\sources\c99\common\isdigit.c estimated size: 53

F:\Programme\Microchip\xc8\v2.10\pic\sources\c99\common\flge.c
		___flge        		CODE           	136B0	0000	209

F:\Programme\Microchip\xc8\v2.10\pic\sources\c99\common\flge.c estimated size: 209

F:\Programme\Microchip\xc8\v2.10\pic\sources\c99\common\sprcadd.c
		___flsub       		CODE           	140C6	0000	95
		___fladd       		CODE           	1256A	0000	841

F:\Programme\Microchip\xc8\v2.10\pic\sources\c99\common\sprcadd.c estimated size: 936

shared
		_stateCheckCmd 		MEDIUMCONST    	FF04	0000	3
		__initialization		CODE           	14064	0000	93
		_soundAmplify  		MEDIUMCONST    	FEE1	0000	33
		_volCheckCmd   		MEDIUMCONST    	FF01	0000	4

shared estimated size: 133

F:\Programme\Microchip\xc8\v2.10\pic\sources\c99\common\floorf.c
		_floorf        		CODE           	12B5E	0000	491

F:\Programme\Microchip\xc8\v2.10\pic\sources\c99\common\floorf.c estimated size: 491

F:\Programme\Microchip\xc8\v2.10\pic\sources\c99\common\Umul32.c
		___lmul        		CODE           	14124	0000	95

F:\Programme\Microchip\xc8\v2.10\pic\sources\c99\common\Umul32.c estimated size: 95

F:\Programme\Microchip\xc8\v2.10\pic\sources\c99\common\nf_fputs.c
		_fputs         		CODE           	14312	0000	57

F:\Programme\Microchip\xc8\v2.10\pic\sources\c99\common\nf_fputs.c estimated size: 57

F:\Programme\Microchip\xc8\v2.10\pic\sources\c99\common\awdiv.c
		___awdiv       		CODE           	13D2E	0000	137

F:\Programme\Microchip\xc8\v2.10\pic\sources\c99\common\awdiv.c estimated size: 137

F:\Programme\Microchip\xc8\v2.10\pic\sources\c99\common\xxtofl.c
		___xxtofl      		CODE           	1319A	0000	357

F:\Programme\Microchip\xc8\v2.10\pic\sources\c99\common\xxtofl.c estimated size: 357

F:\Programme\Microchip\xc8\v2.10\pic\sources\c99\common\fltol.c
		___fltol       		CODE           	13780	0000	203

F:\Programme\Microchip\xc8\v2.10\pic\sources\c99\common\fltol.c estimated size: 203

F:\Programme\Microchip\xc8\v2.10\pic\sources\c99\common\aldiv.c
		___aldiv       		CODE           	135DC	0000	213

F:\Programme\Microchip\xc8\v2.10\pic\sources\c99\common\aldiv.c estimated size: 213

main.c
		_main_loop     		CODE           	10000	0000	2937
		_setLED        		CODE           	116C0	0000	1639
		_main          		CODE           	12EC2	0000	373
		_updateButtonLight		CODE           	134F4	0000	233

main.c estimated size: 5182

F:\Programme\Microchip\xc8\v2.10\pic\sources\c99\common\strlen.c
		_strlen        		CODE           	143E8	0000	51

F:\Programme\Microchip\xc8\v2.10\pic\sources\c99\common\strlen.c estimated size: 51

F:\Programme\Microchip\xc8\v2.10\pic\sources\c99\common\strcpy.c
		_strcpy        		CODE           	13FFC	0000	105

F:\Programme\Microchip\xc8\v2.10\pic\sources\c99\common\strcpy.c estimated size: 105

